=== phase4 focused files ===
tests/test_autonomy_contracts.py
tests/test_campaign_executor.py
tests/test_p0_p1_active_validators.py
tests/test_phase5_target_understanding.py
tests/test_proof_bundle.py
tests/test_proof_oracles.py
tests/test_release_artifact_audit.py
tests/test_smart_action_authority.py
tests/test_smart_campaigns_node.py
tests/test_target_isolation.py
tests/test_target_package_integration.py
tests/test_target_package_v2_hardening.py
tests/test_v17_target_understanding.py
tests/test_v3_autonomous_graph_loop.py
tests/test_v3_strict_proof_bundle.py
tests/test_v58_validator_idempotency.py
tests/test_v62_attack_graph_target_knowledge.py
tests/test_v62_target_knowledge.py
tests/test_v64_multi_agent_proof_validators.py
tests/test_v70_release_contracts.py
tests/test_v72_idor_validator_replay.py
tests/test_v72_jwt_differential_validator.py
tests/test_v72_structural_idor_proof_bundle.py
tests/test_v91_smart_campaigns_intelligence.py
tests/test_v92_action_executor_proof_bundle.py
tests/test_v92_proof_quality_gate.py
tests/test_v92_reporter_strict_proof.py
tests/test_v94_autonomous_controller.py
tests/test_validator_merge_back.py
tests/test_vip_action_authority_contract.py
tests/test_vip_campaign_planner.py
tests/test_vip_jwt_validator_revalidation.py
tests/test_vip_offline_validator_fixtures.py
tests/test_vip_proof_bundle_contract.py
tests/test_vip_proof_bundle_store.py
tests/test_vip_proof_engine.py
tests/test_vip_validator_plugins.py
........................................................................ [ 30%]
........................................................................ [ 61%]
........................................................................ [ 91%]
....................                                                     [100%]
=============================== warnings summary ===============================
tests/test_autonomy_contracts.py: 1 warning
tests/test_campaign_executor.py: 4 warnings
tests/test_smart_action_authority.py: 9 warnings
tests/test_smart_campaigns_node.py: 4 warnings
tests/test_v92_action_executor_proof_bundle.py: 3 warnings
tests/test_vip_action_authority_contract.py: 6 warnings
  /usr/local/lib/python3.12/dist-packages/pydantic/main.py:263: UserWarning: INSECURE audit_secret_key in dev mode — evidence hashes are HMAC'd with a publicly-known key and can be forged. Set AUDIT_SECRET_KEY to a strong random value for any non-local deployment.
    validated_self = self.__pydantic_validator__.validate_python(data, self_instance=self)

tests/test_autonomy_contracts.py: 1 warning
tests/test_campaign_executor.py: 4 warnings
tests/test_smart_action_authority.py: 9 warnings
tests/test_smart_campaigns_node.py: 4 warnings
tests/test_v92_action_executor_proof_bundle.py: 3 warnings
tests/test_vip_action_authority_contract.py: 6 warnings
  /usr/local/lib/python3.12/dist-packages/pydantic/main.py:263: UserWarning: INSECURE celery_payload_key in dev mode — task passwords are encrypted with a publicly-known key and can be decrypted by anyone with Redis access. Set CELERY_PAYLOAD_KEY to a strong random value for any non-local deployment.
    validated_self = self.__pydantic_validator__.validate_python(data, self_instance=self)

-- Docs: https://docs.pytest.org/en/stable/how-to/capture-warnings.html
236 passed, 54 warnings in 8.97s
